// Jest Snapshot v1, https://goo.gl/fbAQLP

exports[`IosShareButton should render ShareButton 1`] = `
<_default>
  <div
    className="css-1npkug1"
  >
    <MockedShareButton>
      <div>
        ShareButton
      </div>
    </MockedShareButton>
  </div>
</_default>
`;
