// Jest Snapshot v1, https://goo.gl/fbAQLP

exports[`ShareButton should render ShareButton 1`] = `
<_default>
  <MockedShareButton>
    <div>
      ShareButton
    </div>
  </MockedShareButton>
</_default>
`;
