// Jest Snapshot v1, https://goo.gl/fbAQLP

exports[`GmdShareButton should render GmdShareButton 1`] = `
<_default>
  <MockedShareButton
    iOSTheme={false}
  >
    <div>
      ShareButton
    </div>
  </MockedShareButton>
</_default>
`;
